// Jest Snapshot v1, https://goo.gl/fbAQLP

exports[`<CalculatorComponent /> Renders properly 1`] = `
<div
  className="calculatorContainer"
>
  <span
    className="grid-span-full grid-item screen"
  />
  <span
    className="grid-span-full grid-item screen"
  />
  <button
    className="btn btn-primary grid-item null"
    data-attribute=""
    data-id=""
    onClick={[Function]}
    type="button"
  >
    AC
  </button>
  <button
    className="btn btn-primary grid-item null"
    data-attribute=""
    data-id=""
    onClick={[Function]}
    type="button"
  >
    +/-
  </button>
  <button
    className="btn btn-primary grid-item null"
    data-attribute=""
    data-id=""
    onClick={[Function]}
    type="button"
  >
    %
  </button>
  <button
    className="btn btn-secondary grid-item"
    data-attribute=""
    data-id=""
    onClick={[Function]}
    type="button"
  >
    รท
  </button>
  <button
    className="btn btn-primary grid-item null"
    data-attribute=""
    data-id=""
    onClick={[Function]}
    type="button"
  >
    7
  </button>
  <button
    className="btn btn-primary grid-item null"
    data-attribute=""
    data-id=""
    onClick={[Function]}
    type="button"
  >
    8
  </button>
  <button
    className="btn btn-primary grid-item null"
    data-attribute=""
    data-id=""
    onClick={[Function]}
    type="button"
  >
    9
  </button>
  <button
    className="btn btn-secondary grid-item"
    data-attribute=""
    data-id=""
    onClick={[Function]}
    type="button"
  >
    x
  </button>
  <button
    className="btn btn-primary grid-item null"
    data-attribute=""
    data-id=""
    onClick={[Function]}
    type="button"
  >
    4
  </button>
  <button
    className="btn btn-primary grid-item null"
    data-attribute=""
    data-id=""
    onClick={[Function]}
    type="button"
  >
    5
  </button>
  <button
    className="btn btn-primary grid-item null"
    data-attribute=""
    data-id=""
    onClick={[Function]}
    type="button"
  >
    6
  </button>
  <button
    className="btn btn-secondary grid-item"
    data-attribute=""
    data-id=""
    onClick={[Function]}
    type="button"
  >
    -
  </button>
  <button
    className="btn btn-primary grid-item null"
    data-attribute=""
    data-id=""
    onClick={[Function]}
    type="button"
  >
    1
  </button>
  <button
    className="btn btn-primary grid-item null"
    data-attribute=""
    data-id=""
    onClick={[Function]}
    type="button"
  >
    2
  </button>
  <button
    className="btn btn-primary grid-item null"
    data-attribute=""
    data-id=""
    onClick={[Function]}
    type="button"
  >
    3
  </button>
  <button
    className="btn btn-secondary grid-item"
    data-attribute=""
    data-id=""
    onClick={[Function]}
    type="button"
  >
    +
  </button>
  <button
    className="btn btn-primary grid-item span-2"
    data-attribute=""
    data-id=""
    onClick={[Function]}
    type="button"
  >
    0
  </button>
  <button
    className="btn btn-primary grid-item null"
    data-attribute=""
    data-id=""
    onClick={[Function]}
    type="button"
  >
    .
  </button>
  <button
    className="btn btn-secondary grid-item"
    data-attribute=""
    data-id=""
    onClick={[Function]}
    type="button"
  >
    =
  </button>
</div>
`;
